Rc files read (in order):
  ./latexmkrc
Latexmk: This is Latexmk, John Collins, 9 March 2026. Version 4.88.
No existing .aux file, so I'll make a simple one, and require run of *latex.
Force everything to be remade.
Latexmk: applying rule 'pdflatex'...
Rule 'pdflatex':  Reasons for rerun
Category 'other':
  Rerun of 'pdflatex' forced or previously required:
    Reason or flag: 'go_mode'

------------
Run number 1 of rule 'pdflatex'
------------
------------
Running 'pdflatex  -interaction=nonstopmode -file-line-error -recorder -output-directory="build"  "src/main.tex"'
------------
This is pdfTeX, Version 3.141592653-2.6-1.40.29 (TeX Live 2026) (preloaded format=pdflatex)
 restricted \write18 enabled.
entering extended mode
(./src/main.tex
LaTeX2e <2025-11-01>
L3 programming layer <2026-01-19>
(./src/thesis.cls
Document Class: thesis 2023/12/23 v1.0 Thesis
(/usr/local/texlive/2026basic/texmf-dist/tex/latex/base/book.cls
Document Class: book 2025/01/22 v1.4n Standard LaTeX document class
(/usr/local/texlive/2026basic/texmf-dist/tex/latex/base/bk12.clo))
(/Users/tommynguyen/Library/texmf/tex/latex/mathdesign/mathdesign.sty
(/usr/local/texlive/2026basic/texmf-dist/tex/latex/graphics/keyval.sty)
(/usr/local/texlive/2026basic/texmf-dist/tex/latex/base/ifthen.sty)
(/Users/tommynguyen/Library/texmf/tex/latex/mathdesign/mdbch/mdbch.cfg)
(/Users/tommynguyen/Library/texmf/tex/latex/mathdesign/mdbch/mdbch.sty
(/Users/tommynguyen/Library/texmf/tex/latex/mathdesign/mdfont.def)
(/Users/tommynguyen/Library/texmf/tex/latex/mathdesign/mdsffont.def

LaTeX Info: Font shape OT1/phv/mc/n has incorrect series value `mc'.
            It should not contain an `m'! Please correct it.
            Found on input line 53.


LaTeX Info: Font shape OT1/phv/mc/sc has incorrect series value `mc'.
            It should not contain an `m'! Please correct it.
            Found on input line 56.


LaTeX Info: Font shape OT1/phv/mc/sl has incorrect series value `mc'.
            It should not contain an `m'! Please correct it.
            Found on input line 59.


LaTeX Info: Font shape OT1/phv/mc/it has incorrect series value `mc'.
            It should not contain an `m'! Please correct it.
            Found on input line 79.


LaTeX Info: Font shape T1/phv/mc/n has incorrect series value `mc'.
            It should not contain an `m'! Please correct it.
            Found on input line 102.


LaTeX Info: Font shape T1/phv/mc/sc has incorrect series value `mc'.
            It should not contain an `m'! Please correct it.
            Found on input line 105.


LaTeX Info: Font shape T1/phv/mc/sl has incorrect series value `mc'.
            It should not contain an `m'! Please correct it.
            Found on input line 108.


LaTeX Info: Font shape T1/phv/mc/it has incorrect series value `mc'.
            It should not contain an `m'! Please correct it.
            Found on input line 128.


LaTeX Info: Font shape OT1/uhv/mc/n has incorrect series value `mc'.
            It should not contain an `m'! Please correct it.
            Found on input line 259.


LaTeX Info: Font shape OT1/uhv/mc/sc has incorrect series value `mc'.
            It should not contain an `m'! Please correct it.
            Found on input line 262.


LaTeX Info: Font shape OT1/uhv/mc/sl has incorrect series value `mc'.
            It should not contain an `m'! Please correct it.
            Found on input line 265.


LaTeX Info: Font shape OT1/uhv/mc/it has incorrect series value `mc'.
            It should not contain an `m'! Please correct it.
            Found on input line 268.


LaTeX Info: Font shape T1/uhv/mc/n has incorrect series value `mc'.
            It should not contain an `m'! Please correct it.
            Found on input line 313.


LaTeX Info: Font shape T1/uhv/mc/sc has incorrect series value `mc'.
            It should not contain an `m'! Please correct it.
            Found on input line 316.


LaTeX Info: Font shape T1/uhv/mc/sl has incorrect series value `mc'.
            It should not contain an `m'! Please correct it.
            Found on input line 319.


LaTeX Info: Font shape T1/uhv/mc/it has incorrect series value `mc'.
            It should not contain an `m'! Please correct it.
            Found on input line 322.

) (/Users/tommynguyen/Library/texmf/tex/latex/mathdesign/mdttfont.def)
(/usr/local/texlive/2026basic/texmf-dist/tex/latex/xkeyval/xkeyval.sty
(/usr/local/texlive/2026basic/texmf-dist/tex/generic/xkeyval/xkeyval.tex
(/usr/local/texlive/2026basic/texmf-dist/tex/generic/xkeyval/xkvutils.tex)))
(/Users/tommynguyen/Library/texmf/tex/latex/mathdesign/mdbch/ot1mdbch.fd))
(/usr/local/texlive/2026basic/texmf-dist/tex/latex/base/fontenc.sty
(/Users/tommynguyen/Library/texmf/tex/latex/mathdesign/mdbch/t1mdbch.fd)))
(/Users/tommynguyen/Library/texmf/tex/latex/vntex/vietnam.sty
(/usr/local/texlive/2026basic/texmf-dist/tex/latex/base/fontenc.sty
(/Users/tommynguyen/Library/texmf/tex/latex/vntex/t5enc.def
(/Users/tommynguyen/Library/texmf/tex/latex/vntex/t5enc.dfu))
(/Users/tommynguyen/Library/texmf/tex/latex/vntex/t5mdbch.fd))
(/usr/local/texlive/2026basic/texmf-dist/tex/latex/base/inputenc.sty)
(/Users/tommynguyen/Library/texmf/tex/latex/vntex/vncaps.tex))
(/usr/local/texlive/2026basic/texmf-dist/tex/latex/graphics/graphicx.sty
(/usr/local/texlive/2026basic/texmf-dist/tex/latex/graphics/graphics.sty
(/usr/local/texlive/2026basic/texmf-dist/tex/latex/graphics/trig.sty)
(/usr/local/texlive/2026basic/texmf-dist/tex/latex/graphics-cfg/graphics.cfg)
(/usr/local/texlive/2026basic/texmf-dist/tex/latex/graphics-def/pdftex.def)))
(/usr/local/texlive/2026basic/texmf-dist/tex/latex/caption/subcaption.sty
(/usr/local/texlive/2026basic/texmf-dist/tex/latex/caption/caption.sty
(/usr/local/texlive/2026basic/texmf-dist/tex/latex/caption/caption3.sty)))
(/Users/tommynguyen/Library/texmf/tex/latex/threeparttable/threeparttable.sty)
(/Users/tommynguyen/Library/texmf/tex/latex/makecell/makecell.sty
(/usr/local/texlive/2026basic/texmf-dist/tex/latex/tools/array.sty))
(/Users/tommynguyen/Library/texmf/tex/latex/multirow/multirow.sty)
(/usr/local/texlive/2026basic/texmf-dist/tex/latex/tools/longtable.sty)
(/usr/local/texlive/2026basic/texmf-dist/tex/latex/booktabs/booktabs.sty)
(/usr/local/texlive/2026basic/texmf-dist/tex/latex/pgf/frontendlayer/tikz.sty
(/usr/local/texlive/2026basic/texmf-dist/tex/latex/pgf/basiclayer/pgf.sty
(/usr/local/texlive/2026basic/texmf-dist/tex/latex/pgf/utilities/pgfrcs.sty
(/usr/local/texlive/2026basic/texmf-dist/tex/generic/pgf/utilities/pgfutil-comm
on.tex)
(/usr/local/texlive/2026basic/texmf-dist/tex/generic/pgf/utilities/pgfutil-late
x.def)
(/usr/local/texlive/2026basic/texmf-dist/tex/generic/pgf/utilities/pgfrcs.code.
tex (/usr/local/texlive/2026basic/texmf-dist/tex/generic/pgf/pgf.revision.tex))
) (/usr/local/texlive/2026basic/texmf-dist/tex/latex/pgf/basiclayer/pgfcore.sty
 (/usr/local/texlive/2026basic/texmf-dist/tex/latex/pgf/systemlayer/pgfsys.sty
(/usr/local/texlive/2026basic/texmf-dist/tex/generic/pgf/systemlayer/pgfsys.cod
e.tex
(/usr/local/texlive/2026basic/texmf-dist/tex/generic/pgf/utilities/pgfkeys.code
.tex
(/usr/local/texlive/2026basic/texmf-dist/tex/generic/pgf/utilities/pgfkeyslibra
ryfiltered.code.tex))
(/usr/local/texlive/2026basic/texmf-dist/tex/generic/pgf/systemlayer/pgf.cfg)
(/usr/local/texlive/2026basic/texmf-dist/tex/generic/pgf/systemlayer/pgfsys-pdf
tex.def
(/usr/local/texlive/2026basic/texmf-dist/tex/generic/pgf/systemlayer/pgfsys-com
mon-pdf.def)))
(/usr/local/texlive/2026basic/texmf-dist/tex/generic/pgf/systemlayer/pgfsyssoft
path.code.tex)
(/usr/local/texlive/2026basic/texmf-dist/tex/generic/pgf/systemlayer/pgfsysprot
ocol.code.tex))
(/usr/local/texlive/2026basic/texmf-dist/tex/latex/xcolor/xcolor.sty
(/usr/local/texlive/2026basic/texmf-dist/tex/latex/graphics-cfg/color.cfg)
(/usr/local/texlive/2026basic/texmf-dist/tex/latex/graphics/mathcolor.ltx))
(/usr/local/texlive/2026basic/texmf-dist/tex/generic/pgf/basiclayer/pgfcore.cod
e.tex
(/usr/local/texlive/2026basic/texmf-dist/tex/generic/pgf/math/pgfmath.code.tex
(/usr/local/texlive/2026basic/texmf-dist/tex/generic/pgf/math/pgfmathutil.code.
tex)
(/usr/local/texlive/2026basic/texmf-dist/tex/generic/pgf/math/pgfmathparser.cod
e.tex)
(/usr/local/texlive/2026basic/texmf-dist/tex/generic/pgf/math/pgfmathfunctions.
code.tex)
(/usr/local/texlive/2026basic/texmf-dist/tex/generic/pgf/math/pgfmathfunctions.
basic.code.tex)
(/usr/local/texlive/2026basic/texmf-dist/tex/generic/pgf/math/pgfmathfunctions.
trigonometric.code.tex)
(/usr/local/texlive/2026basic/texmf-dist/tex/generic/pgf/math/pgfmathfunctions.
random.code.tex)
(/usr/local/texlive/2026basic/texmf-dist/tex/generic/pgf/math/pgfmathfunctions.
comparison.code.tex)
(/usr/local/texlive/2026basic/texmf-dist/tex/generic/pgf/math/pgfmathfunctions.
base.code.tex)
(/usr/local/texlive/2026basic/texmf-dist/tex/generic/pgf/math/pgfmathfunctions.
round.code.tex)
(/usr/local/texlive/2026basic/texmf-dist/tex/generic/pgf/math/pgfmathfunctions.
misc.code.tex)
(/usr/local/texlive/2026basic/texmf-dist/tex/generic/pgf/math/pgfmathfunctions.
integerarithmetics.code.tex)
(/usr/local/texlive/2026basic/texmf-dist/tex/generic/pgf/math/pgfmathcalc.code.
tex)
(/usr/local/texlive/2026basic/texmf-dist/tex/generic/pgf/math/pgfmathfloat.code
.tex))
(/usr/local/texlive/2026basic/texmf-dist/tex/generic/pgf/math/pgfint.code.tex)
(/usr/local/texlive/2026basic/texmf-dist/tex/generic/pgf/basiclayer/pgfcorepoin
ts.code.tex)
(/usr/local/texlive/2026basic/texmf-dist/tex/generic/pgf/basiclayer/pgfcorepath
construct.code.tex)
(/usr/local/texlive/2026basic/texmf-dist/tex/generic/pgf/basiclayer/pgfcorepath
usage.code.tex)
(/usr/local/texlive/2026basic/texmf-dist/tex/generic/pgf/basiclayer/pgfcorescop
es.code.tex)
(/usr/local/texlive/2026basic/texmf-dist/tex/generic/pgf/basiclayer/pgfcoregrap
hicstate.code.tex)
(/usr/local/texlive/2026basic/texmf-dist/tex/generic/pgf/basiclayer/pgfcoretran
sformations.code.tex)
(/usr/local/texlive/2026basic/texmf-dist/tex/generic/pgf/basiclayer/pgfcorequic
k.code.tex)
(/usr/local/texlive/2026basic/texmf-dist/tex/generic/pgf/basiclayer/pgfcoreobje
cts.code.tex)
(/usr/local/texlive/2026basic/texmf-dist/tex/generic/pgf/basiclayer/pgfcorepath
processing.code.tex)
(/usr/local/texlive/2026basic/texmf-dist/tex/generic/pgf/basiclayer/pgfcorearro
ws.code.tex)
(/usr/local/texlive/2026basic/texmf-dist/tex/generic/pgf/basiclayer/pgfcoreshad
e.code.tex)
(/usr/local/texlive/2026basic/texmf-dist/tex/generic/pgf/basiclayer/pgfcoreimag
e.code.tex)
(/usr/local/texlive/2026basic/texmf-dist/tex/generic/pgf/basiclayer/pgfcoreexte
rnal.code.tex)
(/usr/local/texlive/2026basic/texmf-dist/tex/generic/pgf/basiclayer/pgfcorelaye
rs.code.tex)
(/usr/local/texlive/2026basic/texmf-dist/tex/generic/pgf/basiclayer/pgfcoretran
sparency.code.tex)
(/usr/local/texlive/2026basic/texmf-dist/tex/generic/pgf/basiclayer/pgfcorepatt
erns.code.tex)
(/usr/local/texlive/2026basic/texmf-dist/tex/generic/pgf/basiclayer/pgfcorerdf.
code.tex)))
(/usr/local/texlive/2026basic/texmf-dist/tex/generic/pgf/modules/pgfmoduleshape
s.code.tex)
(/usr/local/texlive/2026basic/texmf-dist/tex/generic/pgf/modules/pgfmoduleplot.
code.tex)
(/usr/local/texlive/2026basic/texmf-dist/tex/latex/pgf/compatibility/pgfcomp-ve
rsion-0-65.sty)
(/usr/local/texlive/2026basic/texmf-dist/tex/latex/pgf/compatibility/pgfcomp-ve
rsion-1-18.sty))
(/usr/local/texlive/2026basic/texmf-dist/tex/latex/pgf/utilities/pgffor.sty
(/usr/local/texlive/2026basic/texmf-dist/tex/latex/pgf/utilities/pgfkeys.sty
(/usr/local/texlive/2026basic/texmf-dist/tex/generic/pgf/utilities/pgfkeys.code
.tex)) (/usr/local/texlive/2026basic/texmf-dist/tex/latex/pgf/math/pgfmath.sty
(/usr/local/texlive/2026basic/texmf-dist/tex/generic/pgf/math/pgfmath.code.tex)
)
(/usr/local/texlive/2026basic/texmf-dist/tex/generic/pgf/utilities/pgffor.code.
tex))
(/usr/local/texlive/2026basic/texmf-dist/tex/generic/pgf/frontendlayer/tikz/tik
z.code.tex
(/usr/local/texlive/2026basic/texmf-dist/tex/generic/pgf/libraries/pgflibrarypl
othandlers.code.tex)
(/usr/local/texlive/2026basic/texmf-dist/tex/generic/pgf/modules/pgfmodulematri
x.code.tex)
(/usr/local/texlive/2026basic/texmf-dist/tex/generic/pgf/frontendlayer/tikz/lib
raries/tikzlibrarytopaths.code.tex)))
(/usr/local/texlive/2026basic/texmf-dist/tex/generic/pgf/frontendlayer/tikz/lib
raries/tikzlibrarycalc.code.tex)
(/usr/local/texlive/2026basic/texmf-dist/tex/latex/geometry/geometry.sty
(/usr/local/texlive/2026basic/texmf-dist/tex/generic/iftex/ifvtex.sty
(/usr/local/texlive/2026basic/texmf-dist/tex/generic/iftex/iftex.sty)))
(/usr/local/texlive/2026basic/texmf-dist/tex/latex/fancyhdr/fancyhdr.sty)
(/usr/local/texlive/2026basic/texmf-dist/tex/latex/amsmath/amsmath.sty
For additional information on amsmath, use the `?' option.
(/usr/local/texlive/2026basic/texmf-dist/tex/latex/amsmath/amstext.sty
(/usr/local/texlive/2026basic/texmf-dist/tex/latex/amsmath/amsgen.sty))
(/usr/local/texlive/2026basic/texmf-dist/tex/latex/amsmath/amsbsy.sty)
(/usr/local/texlive/2026basic/texmf-dist/tex/latex/amsmath/amsopn.sty))
(/Users/tommynguyen/Library/texmf/tex/latex/algorithms/algorithm.sty
(/usr/local/texlive/2026basic/texmf-dist/tex/latex/float/float.sty))
(/Users/tommynguyen/Library/texmf/tex/latex/algorithm2e/algorithm2e.sty
(/Users/tommynguyen/Library/texmf/tex/latex/ifoddpage/ifoddpage.sty)
(/usr/local/texlive/2026basic/texmf-dist/tex/latex/tools/xspace.sty)
(/Users/tommynguyen/Library/texmf/tex/latex/relsize/relsize.sty))
(/Users/tommynguyen/Library/texmf/tex/latex/biblatex/biblatex.sty
(/usr/local/texlive/2026basic/texmf-dist/tex/generic/pdftexcmds/pdftexcmds.sty
(/usr/local/texlive/2026basic/texmf-dist/tex/generic/infwarerr/infwarerr.sty)
(/usr/local/texlive/2026basic/texmf-dist/tex/generic/ltxcmds/ltxcmds.sty))
(/usr/local/texlive/2026basic/texmf-dist/tex/latex/etoolbox/etoolbox.sty)
(/usr/local/texlive/2026basic/texmf-dist/tex/latex/kvoptions/kvoptions.sty
(/usr/local/texlive/2026basic/texmf-dist/tex/latex/kvsetkeys/kvsetkeys.sty))
(/Users/tommynguyen/Library/texmf/tex/latex/logreq/logreq.sty
(/Users/tommynguyen/Library/texmf/tex/latex/logreq/logreq.def))
(/usr/local/texlive/2026basic/texmf-dist/tex/latex/url/url.sty)
(/Users/tommynguyen/Library/texmf/tex/latex/biblatex/blx-dm.def)
(/Users/tommynguyen/Library/texmf/tex/latex/biblatex/blx-compat.def)
(/Users/tommynguyen/Library/texmf/tex/latex/biblatex/biblatex.def)
(/Users/tommynguyen/Library/texmf/tex/latex/biblatex/bbx/numeric.bbx
(/Users/tommynguyen/Library/texmf/tex/latex/biblatex/bbx/standard.bbx))
(/Users/tommynguyen/Library/texmf/tex/latex/biblatex/cbx/numeric.cbx)
(/Users/tommynguyen/Library/texmf/tex/latex/biblatex/biblatex.cfg)
(/usr/local/texlive/2026basic/texmf-dist/tex/latex/l3kernel/expl3.sty
(/usr/local/texlive/2026basic/texmf-dist/tex/latex/l3backend/l3backend-pdftex.d
ef)) (/Users/tommynguyen/Library/texmf/tex/latex/biblatex/blx-case-expl3.sty
(/usr/local/texlive/2026basic/texmf-dist/tex/latex/l3packages/xparse/xparse.sty
))) (/usr/local/texlive/2026basic/texmf-dist/tex/latex/hyperref/hyperref.sty
(/usr/local/texlive/2026basic/texmf-dist/tex/generic/kvdefinekeys/kvdefinekeys.
sty)
(/usr/local/texlive/2026basic/texmf-dist/tex/generic/pdfescape/pdfescape.sty)
(/usr/local/texlive/2026basic/texmf-dist/tex/latex/hycolor/hycolor.sty)
(/usr/local/texlive/2026basic/texmf-dist/tex/latex/hyperref/nameref.sty
(/usr/local/texlive/2026basic/texmf-dist/tex/latex/refcount/refcount.sty)
(/usr/local/texlive/2026basic/texmf-dist/tex/generic/gettitlestring/gettitlestr
ing.sty))
(/usr/local/texlive/2026basic/texmf-dist/tex/generic/stringenc/stringenc.sty)
(/usr/local/texlive/2026basic/texmf-dist/tex/latex/hyperref/pd1enc.def)
(/usr/local/texlive/2026basic/texmf-dist/tex/generic/intcalc/intcalc.sty)
(/usr/local/texlive/2026basic/texmf-dist/tex/latex/hyperref/puenc.def)
(/usr/local/texlive/2026basic/texmf-dist/tex/generic/bitset/bitset.sty
(/usr/local/texlive/2026basic/texmf-dist/tex/generic/bigintcalc/bigintcalc.sty)
)) (/usr/local/texlive/2026basic/texmf-dist/tex/latex/hyperref/hpdftex.def
(/usr/local/texlive/2026basic/texmf-dist/tex/latex/rerunfilecheck/rerunfilechec
k.sty
(/usr/local/texlive/2026basic/texmf-dist/tex/generic/uniquecounter/uniquecounte
r.sty))) (/Users/tommynguyen/Library/texmf/tex/latex/titlesec/titlesec.sty)
(/Users/tommynguyen/Library/texmf/tex/latex/adjustbox/adjustbox.sty
(/Users/tommynguyen/Library/texmf/tex/latex/adjustbox/adjcalc.sty)
(/Users/tommynguyen/Library/texmf/tex/latex/adjustbox/trimclip.sty
(/Users/tommynguyen/Library/texmf/tex/latex/collectbox/collectbox.sty)
(/Users/tommynguyen/Library/texmf/tex/latex/adjustbox/tc-pdftex.def))))
(/usr/local/texlive/2026basic/texmf-dist/tex/generic/pgf/libraries/pgflibraryar
rows.meta.code.tex) (build/main.aux)
(/Users/tommynguyen/Library/texmf/tex/latex/mathdesign/mdacmr.fd)
(/Users/tommynguyen/Library/texmf/tex/latex/mathdesign/mdbcmr.fd)
(/Users/tommynguyen/Library/texmf/tex/latex/vntex/t5cmr.fd)
(/usr/local/texlive/2026basic/texmf-dist/tex/context/base/mkii/supp-pdf.mkii
[Loading MPS to PDF converter (version 2006.09.02).]
)
(/usr/local/texlive/2026basic/texmf-dist/tex/latex/epstopdf-pkg/epstopdf-base.s
ty
(/usr/local/texlive/2026basic/texmf-dist/tex/latex/latexconfig/epstopdf-sys.cfg
)) (/usr/local/texlive/2026basic/texmf-dist/tex/latex/caption/ltcaption.sty)
*geometry* driver: auto-detecting
*geometry* detected driver: pdftex
(/Users/tommynguyen/Library/texmf/tex/latex/biblatex/lbx/english.lbx)
No file main.bbl.
(./src/covers/title_page.tex
(/Users/tommynguyen/Library/texmf/tex/latex/mathdesign/mdbch/omlmdbch.fd)
(/Users/tommynguyen/Library/texmf/tex/latex/mathdesign/mdbch/omsmdbch.fd)
(/Users/tommynguyen/Library/texmf/tex/latex/mathdesign/mdbch/omxmdbch.fd)
(/Users/tommynguyen/Library/texmf/tex/latex/mathdesign/mdbch/mdamdbch.fd)
(/Users/tommynguyen/Library/texmf/tex/latex/mathdesign/mdbch/mdbmdbch.fd)
[1{/Users/tommynguyen/Library/texlive/2026basic/texmf-var/fonts/map/pdftex/updm
ap/pdftex.map}{/Users/tommynguyen/Library/texmf/fonts/enc/dvips/vntex/t5.enc} <
./src/covers/logo_vnuhcm.jpg> <./src/covers/logo_uit.jpg>])
(./src/covers/second_title_page.tex
pdfTeX warning (ext4): destination with the same identifier (name{page.i}) has 
been already used, duplicate ignored
<to be read again> 
                   \relax 
l.59 \end{titlepage}
                     [1]) (./src/hoi_dong.tex) (./src/loi_cam_on.tex
pdfTeX warning (ext4): destination with the same identifier (name{page.i}) has 
been already used, duplicate ignored
<to be read again> 
                   \relax 
l.1 \chapter
            *{Lá»œI Cáº¢M Æ N} [1]
(/Users/tommynguyen/Library/texmf/tex/latex/vntex/t5cmtt.fd)

LaTeX Font Warning: Font shape `T5/cmtt/b/n' undefined
(Font)              using `T5/cmtt/m/n' instead on input line 4.

) [2]
No file main.toc.
[3]
No file main.lof.
[4]
No file main.lot.
[5] (./src/danh_muc_viet_tat.tex) [6] (./src/danh_muc_dich.tex
Overfull \hbox (30.40822pt too wide) in alignment at lines 4--83
 [] [] 

pdfTeX warning (ext4): destination with the same identifier (name{table.0.1}) h
as been already used, duplicate ignored
<to be read again> 
                   \relax 
l.83 \end{translatetion}
                         [7]) [8] (./src/chapters/0.tom_tat.tex) [1]
(./src/chapters/1.tong_quan_de_tai.tex
Ch\uhorn \ohorn ng 1.

LaTeX Warning: Citation 'furnas1987vocabulary' on page 2 undefined on input lin
e 13.


LaTeX Warning: Citation 'gao2023ragsurvey' on page 2 undefined on input line 16
.


LaTeX Warning: Citation 'lewis2020rag' on page 2 undefined on input line 16.


LaTeX Warning: Citation 'gao2023ragsurvey' on page 2 undefined on input line 16
.


LaTeX Warning: Citation 'faysse2025colpali' on page 2 undefined on input line 1
9.


LaTeX Warning: Citation 'yu2025visrag' on page 2 undefined on input line 19.


LaTeX Warning: Citation 'jeong2025videorag' on page 2 undefined on input line 1
9.


LaTeX Warning: Citation 'abootorabi2025ask' on page 2 undefined on input line 1
9.


LaTeX Warning: Citation 'gao2026scaling' on page 2 undefined on input line 19.

[2]

LaTeX Warning: Citation 'li2025ragedu' on page 3 undefined on input line 22.


LaTeX Warning: Citation 'gokhman2025vlrag' on page 3 undefined on input line 22
.


LaTeX Warning: Citation 'tanner2025lecture' on page 3 undefined on input line 2
2.


Underfull \hbox (badness 1221) in paragraph at lines 21--23
\T5/mdbch/m/n/12 Trong gi¡o döc, RAG ^^_¢ ^^_÷ñc kh£o s¡t câ h» thèng [[]]. ^^^
¢

LaTeX Warning: Citation 'lewis2020rag' on page 3 undefined on input line 35.


LaTeX Warning: Citation 'gao2023ragsurvey' on page 3 undefined on input line 35
.


LaTeX Warning: Citation 'chen2022murag' on page 3 undefined on input line 38.


LaTeX Warning: Citation 'abootorabi2025ask' on page 3 undefined on input line 3
8.

[3]

LaTeX Warning: Citation 'huang2022layoutlmv3' on page 4 undefined on input line
 42.


LaTeX Warning: Citation 'faysse2025colpali' on page 4 undefined on input line 4
2.


LaTeX Warning: Citation 'yu2025visrag' on page 4 undefined on input line 42.


LaTeX Warning: Citation 'tanaka2025vdocrag' on page 4 undefined on input line 4
2.


LaTeX Warning: Citation 'gao2026scaling' on page 4 undefined on input line 42.


LaTeX Warning: Citation 'jeong2025videorag' on page 4 undefined on input line 4
9.


LaTeX Warning: Citation 'radford2023whisper' on page 4 undefined on input line 
49.


LaTeX Warning: Citation 'tanner2025lecture' on page 4 undefined on input line 4
9.

[4]

LaTeX Warning: Citation 'li2025ragedu' on page 5 undefined on input line 53.


LaTeX Warning: Citation 'gokhman2025vlrag' on page 5 undefined on input line 53
.


LaTeX Warning: Citation 'es2024ragas' on page 5 undefined on input line 57.


LaTeX Warning: Citation 'manning2008ir' on page 5 undefined on input line 57.


LaTeX Warning: Reference `Chapter4' on page 5 undefined on input line 57.

[5] (/Users/tommynguyen/Library/texmf/tex/latex/mathdesign/mdbch/ts1mdbch.fd)

LaTeX Warning: Reference `Chapter5' on page 6 undefined on input line 89.

[6{/Users/tommynguyen/Library/texmf/fonts/enc/dvips/ly1/texnansi.enc}]

LaTeX Warning: Reference `Chapter4' on page 7 undefined on input line 115.

[7]

LaTeX Warning: Reference `Chapter1' on page 8 undefined on input line 127.


LaTeX Warning: Reference `Chapter1' on page 8 undefined on input line 127.


LaTeX Warning: Reference `Chapter2' on page 8 undefined on input line 130.


LaTeX Warning: Reference `Chapter2' on page 8 undefined on input line 130.


LaTeX Warning: Reference `Chapter3' on page 8 undefined on input line 133.


LaTeX Warning: Reference `Chapter3' on page 8 undefined on input line 133.


LaTeX Warning: Reference `Chapter4' on page 8 undefined on input line 136.


LaTeX Warning: Reference `Chapter4' on page 8 undefined on input line 136.


LaTeX Warning: Reference `Chapter5' on page 8 undefined on input line 139.


LaTeX Warning: Reference `Chapter5' on page 8 undefined on input line 139.

) (./src/chapters/2.co_so_ly_thuyet.tex [8]
Ch\uhorn \ohorn ng 2.

LaTeX Warning: Citation 'ieee2020lom' on page 9 undefined on input line 18.


LaTeX Warning: Reference `sec:bieu-dien' on page 9 undefined on input line 18.


LaTeX Warning: Reference `Chapter5' on page 9 undefined on input line 18.


LaTeX Warning: Citation 'yang2025qwen3' on page 9 undefined on input line 26.

[9]

LaTeX Warning: Citation 'zhang2025qwen3embedding' on page 10 undefined on input
 line 29.


LaTeX Warning: Citation 'li2026qwen3vlembedding' on page 10 undefined on input 
line 29.


LaTeX Warning: Citation 'bai2025qwen3vl' on page 10 undefined on input line 29.



LaTeX Warning: Reference `sec:bieu-dien' on page 10 undefined on input line 29.



LaTeX Warning: Citation 'lewis2020rag' on page 10 undefined on input line 39.


LaTeX Warning: Citation 'gao2023ragsurvey' on page 10 undefined on input line 3
9.


LaTeX Warning: Citation 'lewis2020rag' on page 10 undefined on input line 39.


LaTeX Warning: Citation 'gao2023ragsurvey' on page 10 undefined on input line 3
9.


LaTeX Warning: Citation 'es2024ragas' on page 10 undefined on input line 39.


LaTeX Warning: Citation 'chen2022murag' on page 10 undefined on input line 43.


LaTeX Warning: Citation 'abootorabi2025ask' on page 10 undefined on input line 
43.


LaTeX Warning: Citation 'gao2026scaling' on page 10 undefined on input line 43.


[10]

LaTeX Warning: Citation 'faysse2025colpali' on page 11 undefined on input line 
46.


LaTeX Warning: Citation 'faysse2025colpali' on page 11 undefined on input line 
46.


LaTeX Warning: Citation 'yu2025visrag' on page 11 undefined on input line 46.


LaTeX Warning: Citation 'tanaka2025vdocrag' on page 11 undefined on input line 
46.


LaTeX Warning: Reference `Chapter3' on page 11 undefined on input line 46.


LaTeX Warning: Citation 'karpukhin2020dpr' on page 11 undefined on input line 5
6.


LaTeX Warning: Citation 'manning2008ir' on page 11 undefined on input line 56.


LaTeX Warning: Citation 'malkov2020hnsw' on page 11 undefined on input line 60.



LaTeX Warning: Citation 'karpukhin2020dpr' on page 11 undefined on input line 6
4.


LaTeX Warning: Citation 'robertson2009bm25' on page 11 undefined on input line 
64.

[11]

LaTeX Warning: Reference `eq:bm25' on page 12 undefined on input line 71.


LaTeX Warning: Citation 'robertson2009bm25' on page 12 undefined on input line 
71.


Underfull \hbox (badness 1755) in paragraph at lines 70--72
[]\T5/mdbch/b/n/12 [TODO: ^^^èi chi¸u Cæng thùc [] vîi b i cõa Robert-son v  Za
ragoza

LaTeX Warning: Citation 'furnas1987vocabulary' on page 12 undefined on input li
ne 74.


LaTeX Warning: Citation 'cormack2009rrf' on page 12 undefined on input line 78.



LaTeX Warning: Citation 'nogueira2019passage' on page 12 undefined on input lin
e 86.


LaTeX Warning: Citation 'zhang2025qwen3embedding' on page 12 undefined on input
 line 86.

[12]

LaTeX Warning: Citation 'gao2023hyde' on page 13 undefined on input line 90.


LaTeX Warning: Citation 'gao2023hyde' on page 13 undefined on input line 90.


LaTeX Warning: Reference `sec:truy-xuat' on page 13 undefined on input line 90.



Underfull \hbox (badness 4913) in paragraph at lines 90--91
\T5/mdbch/m/n/12 Nhóng t i li»u gi£ ^^_ành (Hy-po-thet-i-cal doc-u-ment em-bed-
dings - HyDE)

LaTeX Warning: Citation 'auer2024docling' on page 13 undefined on input line 10
0.


LaTeX Warning: Reference `sec:tien-xu-ly-tai-lieu' on page 13 undefined on inpu
t line 100.


LaTeX Warning: Citation 'smith2007tesseract' on page 13 undefined on input line
 104.


LaTeX Warning: Citation 'radford2023whisper' on page 13 undefined on input line
 108.

[13]

LaTeX Warning: Reference `sec:tien-xu-ly-video' on page 14 undefined on input l
ine 112.


LaTeX Warning: Reference `sec:tien-xu-ly-tai-lieu' on page 14 undefined on inpu
t line 116.


LaTeX Warning: Citation 'gao2023ragsurvey' on page 14 undefined on input line 1
24.


LaTeX Warning: Citation 'yu2025visrag' on page 14 undefined on input line 124.


LaTeX Warning: Citation 'bai2025qwen3vl' on page 14 undefined on input line 124
.


LaTeX Warning: Reference `sec:sinh' on page 14 undefined on input line 124.


LaTeX Warning: Citation 'manning2008ir' on page 14 undefined on input line 134.


[14]

LaTeX Warning: Reference `sec:khung-danh-gia' on page 15 undefined on input lin
e 138.


LaTeX Warning: Citation 'es2024ragas' on page 15 undefined on input line 142.


LaTeX Warning: Reference `sec:so-trang-thai' on page 15 undefined on input line
 142.


LaTeX Warning: Citation 'efron1993bootstrap' on page 15 undefined on input line
 146.


LaTeX Warning: Citation 'smucker2007comparison' on page 15 undefined on input l
ine 146.


LaTeX Warning: Reference `sec:ket-qua' on page 15 undefined on input line 146.

) (./src/chapters/3.phuong_phap_thuc_hien.tex [15]
Ch\uhorn \ohorn ng 3.

LaTeX Warning: Reference `sec:api' on page 16 undefined on input line 20.


LaTeX Warning: Reference `fig:kien-truc' on page 16 undefined on input line 20.


[16] (./src/figures/fig_kien_truc.tex)

LaTeX Warning: Reference `tab:metadata' on page 17 undefined on input line 36.


Underfull \hbox (badness 8038) in paragraph at lines 57--58
\T5/mdbch/m/n/12 ^^_÷íng d¨n d÷îi

Underfull \hbox (badness 10000) in paragraph at lines 63--64
[]|\T5/mdbch/m/n/12 ƒnh, £nh trang,

LaTeX Warning: Reference `sec:han-che' on page 17 undefined on input line 65.


LaTeX Warning: Reference `sec:index' on page 17 undefined on input line 76.

[17]

LaTeX Warning: Reference `sec:han-che' on page 18 undefined on input line 79.

[18]

LaTeX Warning: Citation 'auer2024docling' on page 19 undefined on input line 90
.


LaTeX Warning: Citation 'auer2024docling' on page 19 undefined on input line 90
.


LaTeX Warning: Reference `sec:han-che' on page 19 undefined on input line 96.


LaTeX Warning: Citation 'smith2007tesseract' on page 19 undefined on input line
 103.


LaTeX Warning: Reference `sec:index' on page 19 undefined on input line 103.

[19]

LaTeX Warning: Reference `tab:chunk' on page 20 undefined on input line 108.


LaTeX Warning: Reference `tab:chunk' on page 20 undefined on input line 132.

[20]

LaTeX Warning: Reference `fig:video' on page 21 undefined on input line 141.

(./src/figures/fig_video.tex)

LaTeX Warning: Citation 'radford2023whisper' on page 21 undefined on input line
 154.


Underfull \hbox (badness 1810) in paragraph at lines 153--155
\T5/mdbch/m/n/12 n¸u nâ n¬m c¤nh video, câ t¶n \T5/cmtt/b/n/12 [t¶n video]_segm
ents.json \T5/mdbch/m/n/12 ho°c \T5/cmtt/b/n/12 [t¶n
[21] [22]

LaTeX Warning: Reference `tab:models' on page 23 undefined on input line 186.


LaTeX Warning: Citation 'zhang2025qwen3embedding' on page 23 undefined on input
 line 197.


Underfull \hbox (badness 2591) in paragraph at lines 197--197
[]|\T5/mdbch/m/n/12 Biºu di¹n vec-tor cõa

LaTeX Warning: Citation 'li2026qwen3vlembedding' on page 23 undefined on input 
line 199.


Underfull \hbox (badness 2591) in paragraph at lines 199--199
[]|\T5/mdbch/m/n/12 Biºu di¹n vec-tor cõa

Underfull \hbox (badness 5189) in paragraph at lines 199--199
\T5/mdbch/m/n/12 v«n b£n tr¶n khæng

LaTeX Warning: Citation 'yang2025qwen3' on page 23 undefined on input line 201.



LaTeX Warning: Citation 'bai2025qwen3vl' on page 23 undefined on input line 203
.


Underfull \hbox (badness 1565) in paragraph at lines 203--203
[]|\T5/mdbch/m/n/12 Tr£ líi düa tr¶n £nh

Underfull \hbox (badness 2980) in paragraph at lines 203--203
\T5/mdbch/m/n/12 trang ho°c £nh h¼nh

LaTeX Warning: Citation 'zhang2025qwen3embedding' on page 23 undefined on input
 line 205.


Underfull \hbox (badness 2460) in paragraph at lines 205--205
[]|\T5/mdbch/m/n/12 Bë x¸p h¤ng l¤i tòy
[23]

LaTeX Warning: Citation 'malkov2020hnsw' on page 24 undefined on input line 218
.


LaTeX Warning: Reference `fig:truy-xuat' on page 24 undefined on input line 230
.


LaTeX Warning: Reference `alg:truy-xuat' on page 24 undefined on input line 230
.

[24] (./src/figures/fig_truy_xuat.tex) [25]

LaTeX Warning: Reference `sec:sinh' on page 26 undefined on input line 245.


LaTeX Warning: Citation 'gao2023hyde' on page 26 undefined on input line 248.


LaTeX Warning: Citation 'cormack2009rrf' on page 26 undefined on input line 252
.


LaTeX Warning: Reference `tab:type-prior' on page 26 undefined on input line 25
9.

[26]
Underfull \hbox (badness 7595) in paragraph at lines 314--317
[][]|[]$\OML/mdbch/m/it/12 L \OMS/mdbch/m/n/12   \OML/mdbch/m/it/12 DiversifyBy
File\OT1/mdbch/m/n/12 (\OML/mdbch/m/it/12 L; k; \OT1/mdbch/m/n/12 2)$  $\OML/md
bch/m/it/12 L \OMS/mdbch/m/n/12   \OML/mdbch/m/it/12 ExpandContext\OT1/mdbch/m/
n/12 (\OML/mdbch/m/it/12 L\OT1/mdbch/m/n/12 )$  $\OML/mdbch/m/it/12 L \OMS/mdbc
h/m/n/12  

LaTeX Warning: Reference `tab:type-prior' on page 27 undefined on input line 32
2.

[27] [28]

LaTeX Warning: Reference `tab:sse' on page 29 undefined on input line 352.

[29]
Overfull \hbox (3.94453pt too wide) in paragraph at lines 388--389
[]\T5/mdbch/m/it/12 Chu©n bà truy v§n. \T5/mdbch/m/n/12 Tø t»p c¥u häi câ nh¢n,
 l»nh \T5/cmtt/b/n/12 prepare-retrieval-queries
[30]

LaTeX Warning: Reference `sec:truy-xuat' on page 31 undefined on input line 393
.


LaTeX Warning: Citation 'manning2008ir' on page 31 undefined on input line 405.


[31]

LaTeX Warning: Reference `Chapter5' on page 32 undefined on input line 413.


LaTeX Warning: Reference `tab:type-prior' on page 32 undefined on input line 41
7.


LaTeX Warning: Reference `eq:frame-score' on page 32 undefined on input line 41
9.


LaTeX Warning: Reference `sec:tien-xu-ly-video' on page 32 undefined on input l
ine 419.


LaTeX Warning: Reference `eq:frame-score' on page 32 undefined on input line 42
0.


LaTeX Warning: Reference `sec:tien-xu-ly-tai-lieu' on page 32 undefined on inpu
t line 421.

[32]

LaTeX Warning: Reference `sec:sinh' on page 33 undefined on input line 426.

) (./src/chapters/4.hien_thuc_danh_gia_thao_luan.tex [33]
Ch\uhorn \ohorn ng 4.

LaTeX Warning: Reference `sec:khung-danh-gia' on page 34 undefined on input lin
e 16.


LaTeX Warning: Reference `sec:so-trang-thai' on page 34 undefined on input line
 16.

[34]
Underfull \hbox (badness 1648) in paragraph at lines 30--34
\T5/cmtt/b/n/12 app/config/settings.py\T5/mdbch/b/n/12 , \T5/cmtt/b/n/12 app/fa
ctory.py\T5/mdbch/b/n/12 , \T5/cmtt/b/n/12 app/loaders/video_loader.py
[35]

LaTeX Warning: Reference `tab:indexed' on page 36 undefined on input line 47.


LaTeX Warning: Reference `tab:required-sources' on page 36 undefined on input l
ine 74.

[36]

LaTeX Warning: Reference `sec:ket-qua' on page 37 undefined on input line 112.

[37]

LaTeX Warning: Reference `tab:systems' on page 38 undefined on input line 136.


LaTeX Warning: Reference `tab:type-prior' on page 38 undefined on input line 16
1.


LaTeX Warning: Reference `tab:systems' on page 38 undefined on input line 180.


LaTeX Warning: Reference `sec:truy-xuat' on page 38 undefined on input line 180
.

[38]

LaTeX Warning: Reference `tab:results' on page 39 undefined on input line 191.

[39]

LaTeX Warning: Citation 'efron1993bootstrap' on page 40 undefined on input line
 215.


LaTeX Warning: Citation 'smucker2007comparison' on page 40 undefined on input l
ine 215.


LaTeX Warning: Reference `sec:du-lieu' on page 40 undefined on input line 215.


LaTeX Warning: Reference `tab:bootstrap' on page 40 undefined on input line 249
.

[40]

LaTeX Warning: Reference `tab:hit' on page 41 undefined on input line 253.


LaTeX Warning: Reference `tab:results' on page 41 undefined on input line 271.


LaTeX Warning: Reference `sec:truy-xuat' on page 41 undefined on input line 279
.


LaTeX Warning: Reference `sec:so-trang-thai' on page 41 undefined on input line
 279.

[41]

LaTeX Warning: Reference `tab:indexed' on page 42 undefined on input line 285.


LaTeX Warning: Reference `sec:sinh' on page 42 undefined on input line 288.

[42]

LaTeX Warning: Reference `sec:du-lieu' on page 43 undefined on input line 298.


LaTeX Warning: Reference `sec:kien-truc' on page 43 undefined on input line 307
.


LaTeX Warning: Reference `sec:api' on page 43 undefined on input line 307.


LaTeX Warning: Reference `sec:ket-qua' on page 43 undefined on input line 324.


LaTeX Warning: Reference `sec:ket-qua' on page 43 undefined on input line 325.


LaTeX Warning: Reference `tab:chunk' on page 43 undefined on input line 326.


LaTeX Warning: Reference `tab:results' on page 43 undefined on input line 326.

[43]

LaTeX Warning: Reference `sec:moi-truong' on page 44 undefined on input line 32
7.

[44]

LaTeX Warning: Reference `Chapter5' on page 45 undefined on input line 348.


LaTeX Warning: Reference `sec:khung-danh-gia' on page 45 undefined on input lin
e 359.


LaTeX Warning: Reference `sec:sinh' on page 45 undefined on input line 360.


LaTeX Warning: Reference `sec:han-che' on page 45 undefined on input line 371.

) (./src/chapters/5.ket_luan.tex [45]
Ch\uhorn \ohorn ng 5.

LaTeX Warning: Reference `Chapter3' on page 46 undefined on input line 13.


LaTeX Warning: Reference `sec:muc-tieu' on page 46 undefined on input line 16.


LaTeX Warning: Reference `Chapter4' on page 46 undefined on input line 19.

[46]

LaTeX Warning: Reference `sec:han-che' on page 47 undefined on input line 29.


LaTeX Warning: Citation 'es2024ragas' on page 47 undefined on input line 32.


LaTeX Warning: Citation 'smucker2007comparison' on page 47 undefined on input l
ine 32.


LaTeX Warning: Citation 'cormack2009rrf' on page 47 undefined on input line 35.



LaTeX Warning: Citation 'abootorabi2025ask' on page 47 undefined on input line 
35.


LaTeX Warning: Citation 'nogueira2019passage' on page 47 undefined on input lin
e 38.


LaTeX Warning: Citation 'zhang2025qwen3embedding' on page 47 undefined on input
 line 38.


LaTeX Warning: Citation 'li2026qwen3vlembedding' on page 47 undefined on input 
line 38.

[47]

LaTeX Warning: Citation 'faysse2025colpali' on page 48 undefined on input line 
41.


LaTeX Warning: Citation 'yu2025visrag' on page 48 undefined on input line 41.


LaTeX Warning: Citation 'tanaka2025vdocrag' on page 48 undefined on input line 
41.


LaTeX Warning: Citation 'jeong2025videorag' on page 48 undefined on input line 
41.


Underfull \hbox (badness 1990) in paragraph at lines 40--42
\T5/mdbch/m/n/12 xu§t trüc ti¸p tr¶n £nh trang t i li»u [[], [],

LaTeX Warning: Citation 'ieee2020lom' on page 48 undefined on input line 44.


LaTeX Warning: Citation 'edge2024graphrag' on page 48 undefined on input line 4
4.


LaTeX Warning: Citation 'kazemitabaar2024codeaid' on page 48 undefined on input
 line 47.

)

LaTeX Warning: Empty bibliography on input line 56.

[48] (build/main.aux (build/src/danh_muc_viet_tat.aux)
(build/src/danh_muc_dich.aux) (build/src/chapters/0.tom_tat.aux))

LaTeX Font Warning: Some font shapes were not available, defaults substituted.


LaTeX Warning: There were undefined references.


LaTeX Warning: Label(s) may have changed. Rerun to get cross-references right.


Package rerunfilecheck Warning: File `main.out' has changed.
(rerunfilecheck)                Rerun to get outlines right
(rerunfilecheck)                or use package `bookmark'.


Package biblatex Warning: Please (re)run Biber on the file:
(biblatex)                main
(biblatex)                and rerun LaTeX afterwards.

 )
(see the transcript file for additional information)
!pdfTeX error: pdflatex (file bchb8a.pfb): cannot open Type 1 font file for rea
ding
 ==> Fatal error occurred, no output PDF file produced!
Latexmk: Getting log file 'build/main.log'
Latexmk: Examining 'build/main.fls'
Latexmk: Examining 'build/main.log'
Latexmk: Missing bbl file 'build/main.bbl' in following:
 No file main.bbl.
Latexmk: Missing input file 'main.toc' message in .log file:
  No file main.toc.
Latexmk: Missing input file 'main.lof' message in .log file:
  No file main.lof.
Latexmk: Missing input file 'main.lot' message in .log file:
  No file main.lot.
Latexmk: References changed.
Latexmk: References changed.
Latexmk: Using biber to make bibliography file(s).
Latexmk: Bibliography file(s) from .bcf file:
  ./src/references.bib
Sources for biber
  ./src/references.bib
  build/main.bcf
Latexmk: Summary of warnings from last run of *latex:
  Latex failed to resolve 89 reference(s)
  Latex failed to resolve 104 citation(s)
Latexmk: ====Problematic refs and citations with line #s in .tex file:
  Citation 'furnas1987vocabulary' on page 2 undefined on input line 13
  Citation 'gao2023ragsurvey' on page 2 undefined on input line 16
  Citation 'lewis2020rag' on page 2 undefined on input line 16
  Citation 'gao2023ragsurvey' on page 2 undefined on input line 16
  Citation 'faysse2025colpali' on page 2 undefined on input line 19
  Citation 'yu2025visrag' on page 2 undefined on input line 19
  Citation 'jeong2025videorag' on page 2 undefined on input line 19
 And 186 more --- see log file 'build/main.log'
Latexmk: Errors, so I did not complete making targets
Collected error summary (may duplicate other messages):
  pdflatex: Command for 'pdflatex' gave return code 1
      Refer to 'build/main.log' and/or above output for details
'pdflatex': time = 3.03
Processing time = 3.22, of which invoked processes = 3.03, other = 0.19.
Elapsed clock time = 3.57.
Number of rules run = 1

Latexmk: Sometimes, the -f option can be used to get latexmk
  to try to force complete processing.
  But normally, you will need to correct the file(s) that caused the
  error, and then rerun latexmk.
  In some cases, it is best to clean out generated files before rerunning
  latexmk after you've corrected the files.
